Archive member included to satisfy reference by file (symbol)

c:/st/stm32cubeide_1.5.0/stm32cubeide/plugins/com.st.stm32cube.ide.mcu.externaltools.gnu-tools-for-stm32.7-2018-q2-update.win32_1.5.0.202011040924/tools/bin/../lib/gcc/arm-none-eabi/7.3.1/../../../../arm-none-eabi/lib/thumb/v7e-m/fpv4-sp/hard\libc_nano.a(lib_a-exit.o)
                              c:/st/stm32cubeide_1.5.0/stm32cubeide/plugins/com.st.stm32cube.ide.mcu.externaltools.gnu-tools-for-stm32.7-2018-q2-update.win32_1.5.0.202011040924/tools/bin/../lib/gcc/arm-none-eabi/7.3.1/../../../../arm-none-eabi/lib/thumb/v7e-m/fpv4-sp/hard/crt0.o (exit)
c:/st/stm32cubeide_1.5.0/stm32cubeide/plugins/com.st.stm32cube.ide.mcu.externaltools.gnu-tools-for-stm32.7-2018-q2-update.win32_1.5.0.202011040924/tools/bin/../lib/gcc/arm-none-eabi/7.3.1/../../../../arm-none-eabi/lib/thumb/v7e-m/fpv4-sp/hard\libc_nano.a(lib_a-impure.o)
                              c:/st/stm32cubeide_1.5.0/stm32cubeide/plugins/com.st.stm32cube.ide.mcu.externaltools.gnu-tools-for-stm32.7-2018-q2-update.win32_1.5.0.202011040924/tools/bin/../lib/gcc/arm-none-eabi/7.3.1/../../../../arm-none-eabi/lib/thumb/v7e-m/fpv4-sp/hard\libc_nano.a(lib_a-exit.o) (_global_impure_ptr)
c:/st/stm32cubeide_1.5.0/stm32cubeide/plugins/com.st.stm32cube.ide.mcu.externaltools.gnu-tools-for-stm32.7-2018-q2-update.win32_1.5.0.202011040924/tools/bin/../lib/gcc/arm-none-eabi/7.3.1/../../../../arm-none-eabi/lib/thumb/v7e-m/fpv4-sp/hard\libc_nano.a(lib_a-init.o)
                              c:/st/stm32cubeide_1.5.0/stm32cubeide/plugins/com.st.stm32cube.ide.mcu.externaltools.gnu-tools-for-stm32.7-2018-q2-update.win32_1.5.0.202011040924/tools/bin/../lib/gcc/arm-none-eabi/7.3.1/../../../../arm-none-eabi/lib/thumb/v7e-m/fpv4-sp/hard/crt0.o (__libc_init_array)
c:/st/stm32cubeide_1.5.0/stm32cubeide/plugins/com.st.stm32cube.ide.mcu.externaltools.gnu-tools-for-stm32.7-2018-q2-update.win32_1.5.0.202011040924/tools/bin/../lib/gcc/arm-none-eabi/7.3.1/../../../../arm-none-eabi/lib/thumb/v7e-m/fpv4-sp/hard\libc_nano.a(lib_a-memset.o)
                              c:/st/stm32cubeide_1.5.0/stm32cubeide/plugins/com.st.stm32cube.ide.mcu.externaltools.gnu-tools-for-stm32.7-2018-q2-update.win32_1.5.0.202011040924/tools/bin/../lib/gcc/arm-none-eabi/7.3.1/../../../../arm-none-eabi/lib/thumb/v7e-m/fpv4-sp/hard/crt0.o (memset)
c:/st/stm32cubeide_1.5.0/stm32cubeide/plugins/com.st.stm32cube.ide.mcu.externaltools.gnu-tools-for-stm32.7-2018-q2-update.win32_1.5.0.202011040924/tools/bin/../lib/gcc/arm-none-eabi/7.3.1/thumb/v7e-m/fpv4-sp/hard\libgcc.a(_aeabi_uldivmod.o)
                              Drivers/STM32F4xx_HAL_Driver/Src/stm32f4xx_hal_rcc.o (__aeabi_uldivmod)
c:/st/stm32cubeide_1.5.0/stm32cubeide/plugins/com.st.stm32cube.ide.mcu.externaltools.gnu-tools-for-stm32.7-2018-q2-update.win32_1.5.0.202011040924/tools/bin/../lib/gcc/arm-none-eabi/7.3.1/thumb/v7e-m/fpv4-sp/hard\libgcc.a(_udivmoddi4.o)
                              c:/st/stm32cubeide_1.5.0/stm32cubeide/plugins/com.st.stm32cube.ide.mcu.externaltools.gnu-tools-for-stm32.7-2018-q2-update.win32_1.5.0.202011040924/tools/bin/../lib/gcc/arm-none-eabi/7.3.1/thumb/v7e-m/fpv4-sp/hard\libgcc.a(_aeabi_uldivmod.o) (__udivmoddi4)
c:/st/stm32cubeide_1.5.0/stm32cubeide/plugins/com.st.stm32cube.ide.mcu.externaltools.gnu-tools-for-stm32.7-2018-q2-update.win32_1.5.0.202011040924/tools/bin/../lib/gcc/arm-none-eabi/7.3.1/thumb/v7e-m/fpv4-sp/hard\libgcc.a(_dvmd_tls.o)
                              c:/st/stm32cubeide_1.5.0/stm32cubeide/plugins/com.st.stm32cube.ide.mcu.externaltools.gnu-tools-for-stm32.7-2018-q2-update.win32_1.5.0.202011040924/tools/bin/../lib/gcc/arm-none-eabi/7.3.1/thumb/v7e-m/fpv4-sp/hard\libgcc.a(_aeabi_uldivmod.o) (__aeabi_ldiv0)
c:/st/stm32cubeide_1.5.0/stm32cubeide/plugins/com.st.stm32cube.ide.mcu.externaltools.gnu-tools-for-stm32.7-2018-q2-update.win32_1.5.0.202011040924/tools/bin/../lib/gcc/arm-none-eabi/7.3.1/../../../../arm-none-eabi/lib/thumb/v7e-m/fpv4-sp/hard\libnosys.a(_exit.o)
                              c:/st/stm32cubeide_1.5.0/stm32cubeide/plugins/com.st.stm32cube.ide.mcu.externaltools.gnu-tools-for-stm32.7-2018-q2-update.win32_1.5.0.202011040924/tools/bin/../lib/gcc/arm-none-eabi/7.3.1/../../../../arm-none-eabi/lib/thumb/v7e-m/fpv4-sp/hard\libc_nano.a(lib_a-exit.o) (_exit)

Allocating common symbols
Common symbol       size              file

sFilterConfig       0x28              Core/Src/main.o
uwTick              0x4               Drivers/STM32F4xx_HAL_Driver/Src/stm32f4xx_hal.o
pFlash              0x20              Drivers/STM32F4xx_HAL_Driver/Src/stm32f4xx_hal_flash.o
r                   0x1               Core/Src/main.o
TxMailbox           0x4               Core/Src/main.o
pRxHeader           0x1c              Core/Src/main.o
hcan1               0x28              Core/Src/main.o
a                   0x1               Core/Src/main.o
pHeader             0x18              Core/Src/main.o

Discarded input sections

[...]
Memory Configuration

Name             Origin             Length             Attributes
CCMRAM           0x0000000010000000 0x0000000000010000 xrw
RAM              0x0000000020000000 0x0000000000030000 xrw
FLASH            0x0000000008000000 0x0000000000200000 xr
*default*        0x0000000000000000 0xffffffffffffffff

Linker script and memory map

LOAD c:/st/stm32cubeide_1.5.0/stm32cubeide/plugins/com.st.stm32cube.ide.mcu.externaltools.gnu-tools-for-stm32.7-2018-q2-update.win32_1.5.0.202011040924/tools/bin/../lib/gcc/arm-none-eabi/7.3.1/thumb/v7e-m/fpv4-sp/hard/crti.o
LOAD c:/st/stm32cubeide_1.5.0/stm32cubeide/plugins/com.st.stm32cube.ide.mcu.externaltools.gnu-tools-for-stm32.7-2018-q2-update.win32_1.5.0.202011040924/tools/bin/../lib/gcc/arm-none-eabi/7.3.1/thumb/v7e-m/fpv4-sp/hard/crtbegin.o
LOAD c:/st/stm32cubeide_1.5.0/stm32cubeide/plugins/com.st.stm32cube.ide.mcu.externaltools.gnu-tools-for-stm32.7-2018-q2-update.win32_1.5.0.202011040924/tools/bin/../lib/gcc/arm-none-eabi/7.3.1/../../../../arm-none-eabi/lib/thumb/v7e-m/fpv4-sp/hard/crt0.o
LOAD Core/Src/main.o
LOAD Core/Src/stm32f4xx_hal_msp.o
LOAD Core/Src/stm32f4xx_it.o
LOAD Core/Src/system_stm32f4xx.o
LOAD Core/Startup/startup_stm32f429zitx.o
LOAD Drivers/STM32F4xx_HAL_Driver/Src/stm32f4xx_hal.o
LOAD Drivers/STM32F4xx_HAL_Driver/Src/stm32f4xx_hal_can.o
LOAD Drivers/STM32F4xx_HAL_Driver/Src/stm32f4xx_hal_cortex.o
LOAD Drivers/STM32F4xx_HAL_Driver/Src/stm32f4xx_hal_dma.o
LOAD Drivers/STM32F4xx_HAL_Driver/Src/stm32f4xx_hal_dma_ex.o
LOAD Drivers/STM32F4xx_HAL_Driver/Src/stm32f4xx_hal_eth.o
LOAD Drivers/STM32F4xx_HAL_Driver/Src/stm32f4xx_hal_exti.o
LOAD Drivers/STM32F4xx_HAL_Driver/Src/stm32f4xx_hal_flash.o
LOAD Drivers/STM32F4xx_HAL_Driver/Src/stm32f4xx_hal_flash_ex.o
LOAD Drivers/STM32F4xx_HAL_Driver/Src/stm32f4xx_hal_flash_ramfunc.o
LOAD Drivers/STM32F4xx_HAL_Driver/Src/stm32f4xx_hal_gpio.o
LOAD Drivers/STM32F4xx_HAL_Driver/Src/stm32f4xx_hal_pcd.o
LOAD Drivers/STM32F4xx_HAL_Driver/Src/stm32f4xx_hal_pcd_ex.o
LOAD Drivers/STM32F4xx_HAL_Driver/Src/stm32f4xx_hal_pwr.o
LOAD Drivers/STM32F4xx_HAL_Driver/Src/stm32f4xx_hal_pwr_ex.o
LOAD Drivers/STM32F4xx_HAL_Driver/Src/stm32f4xx_hal_rcc.o
LOAD Drivers/STM32F4xx_HAL_Driver/Src/stm32f4xx_hal_rcc_ex.o
LOAD Drivers/STM32F4xx_HAL_Driver/Src/stm32f4xx_hal_tim.o
LOAD Drivers/STM32F4xx_HAL_Driver/Src/stm32f4xx_hal_tim_ex.o
LOAD Drivers/STM32F4xx_HAL_Driver/Src/stm32f4xx_hal_uart.o
LOAD Drivers/STM32F4xx_HAL_Driver/Src/stm32f4xx_ll_usb.o
START GROUP
LOAD c:/st/stm32cubeide_1.5.0/stm32cubeide/plugins/com.st.stm32cube.ide.mcu.externaltools.gnu-tools-for-stm32.7-2018-q2-update.win32_1.5.0.202011040924/tools/bin/../lib/gcc/arm-none-eabi/7.3.1/../../../../arm-none-eabi/lib/thumb/v7e-m/fpv4-sp/hard\libc_nano.a
LOAD c:/st/stm32cubeide_1.5.0/stm32cubeide/plugins/com.st.stm32cube.ide.mcu.externaltools.gnu-tools-for-stm32.7-2018-q2-update.win32_1.5.0.202011040924/tools/bin/../lib/gcc/arm-none-eabi/7.3.1/../../../../arm-none-eabi/lib/thumb/v7e-m/fpv4-sp/hard\libm.a
END GROUP
START GROUP
LOAD c:/st/stm32cubeide_1.5.0/stm32cubeide/plugins/com.st.stm32cube.ide.mcu.externaltools.gnu-tools-for-stm32.7-2018-q2-update.win32_1.5.0.202011040924/tools/bin/../lib/gcc/arm-none-eabi/7.3.1/thumb/v7e-m/fpv4-sp/hard\libgcc.a
LOAD c:/st/stm32cubeide_1.5.0/stm32cubeide/plugins/com.st.stm32cube.ide.mcu.externaltools.gnu-tools-for-stm32.7-2018-q2-update.win32_1.5.0.202011040924/tools/bin/../lib/gcc/arm-none-eabi/7.3.1/../../../../arm-none-eabi/lib/thumb/v7e-m/fpv4-sp/hard\libc_nano.a
END GROUP
START GROUP
LOAD c:/st/stm32cubeide_1.5.0/stm32cubeide/plugins/com.st.stm32cube.ide.mcu.externaltools.gnu-tools-for-stm32.7-2018-q2-update.win32_1.5.0.202011040924/tools/bin/../lib/gcc/arm-none-eabi/7.3.1/thumb/v7e-m/fpv4-sp/hard\libgcc.a
LOAD c:/st/stm32cubeide_1.5.0/stm32cubeide/plugins/com.st.stm32cube.ide.mcu.externaltools.gnu-tools-for-stm32.7-2018-q2-update.win32_1.5.0.202011040924/tools/bin/../lib/gcc/arm-none-eabi/7.3.1/../../../../arm-none-eabi/lib/thumb/v7e-m/fpv4-sp/hard\libc_nano.a
LOAD c:/st/stm32cubeide_1.5.0/stm32cubeide/plugins/com.st.stm32cube.ide.mcu.externaltools.gnu-tools-for-stm32.7-2018-q2-update.win32_1.5.0.202011040924/tools/bin/../lib/gcc/arm-none-eabi/7.3.1/../../../../arm-none-eabi/lib/thumb/v7e-m/fpv4-sp/hard\libnosys.a
END GROUP
START GROUP
LOAD c:/st/stm32cubeide_1.5.0/stm32cubeide/plugins/com.st.stm32cube.ide.mcu.externaltools.gnu-tools-for-stm32.7-2018-q2-update.win32_1.5.0.202011040924/tools/bin/../lib/gcc/arm-none-eabi/7.3.1/thumb/v7e-m/fpv4-sp/hard\libgcc.a
LOAD c:/st/stm32cubeide_1.5.0/stm32cubeide/plugins/com.st.stm32cube.ide.mcu.externaltools.gnu-tools-for-stm32.7-2018-q2-update.win32_1.5.0.202011040924/tools/bin/../lib/gcc/arm-none-eabi/7.3.1/../../../../arm-none-eabi/lib/thumb/v7e-m/fpv4-sp/hard\libc_nano.a
LOAD c:/st/stm32cubeide_1.5.0/stm32cubeide/plugins/com.st.stm32cube.ide.mcu.externaltools.gnu-tools-for-stm32.7-2018-q2-update.win32_1.5.0.202011040924/tools/bin/../lib/gcc/arm-none-eabi/7.3.1/../../../../arm-none-eabi/lib/thumb/v7e-m/fpv4-sp/hard\libnosys.a
END GROUP
LOAD c:/st/stm32cubeide_1.5.0/stm32cubeide/plugins/com.st.stm32cube.ide.mcu.externaltools.gnu-tools-for-stm32.7-2018-q2-update.win32_1.5.0.202011040924/tools/bin/../lib/gcc/arm-none-eabi/7.3.1/thumb/v7e-m/fpv4-sp/hard/crtend.o
LOAD c:/st/stm32cubeide_1.5.0/stm32cubeide/plugins/com.st.stm32cube.ide.mcu.externaltools.gnu-tools-for-stm32.7-2018-q2-update.win32_1.5.0.202011040924/tools/bin/../lib/gcc/arm-none-eabi/7.3.1/thumb/v7e-m/fpv4-sp/hard/crtn.o
                0x0000000020030000                _estack = (ORIGIN (RAM) + LENGTH (RAM))
                0x0000000000000200                _Min_Heap_Size = 0x200
                0x0000000000000400                _Min_Stack_Size = 0x400

.isr_vector     0x0000000008000000      0x1ac
                0x0000000008000000                . = ALIGN (0x4)
 *(.isr_vector)
 .isr_vector    0x0000000008000000      0x1ac Core/Startup/startup_stm32f429zitx.o
                0x0000000008000000                g_pfnVectors
                0x00000000080001ac                . = ALIGN (0x4)

.text           0x00000000080001ac     0x25f0
                0x00000000080001ac                . = ALIGN (0x4)
 *(.text)
 .text          0x00000000080001ac       0x40 c:/st/stm32cubeide_1.5.0/stm32cubeide/plugins/com.st.stm32cube.ide.mcu.externaltools.gnu-tools-for-stm32.7-2018-q2-update.win32_1.5.0.202011040924/tools/bin/../lib/gcc/arm-none-eabi/7.3.1/thumb/v7e-m/fpv4-sp/hard/crtbegin.o
 .text          0x00000000080001ec       0x30 c:/st/stm32cubeide_1.5.0/stm32cubeide/plugins/com.st.stm32cube.ide.mcu.externaltools.gnu-tools-for-stm32.7-2018-q2-update.win32_1.5.0.202011040924/tools/bin/../lib/gcc/arm-none-eabi/7.3.1/thumb/v7e-m/fpv4-sp/hard\libgcc.a(_aeabi_uldivmod.o)
                0x00000000080001ec                __aeabi_uldivmod
 .text          0x000000000800021c      0x2cc c:/st/stm32cubeide_1.5.0/stm32cubeide/plugins/com.st.stm32cube.ide.mcu.externaltools.gnu-tools-for-stm32.7-2018-q2-update.win32_1.5.0.202011040924/tools/bin/../lib/gcc/arm-none-eabi/7.3.1/thumb/v7e-m/fpv4-sp/hard\libgcc.a(_udivmoddi4.o)
                0x000000000800021c                __udivmoddi4
 .text          0x00000000080004e8        0x4 c:/st/stm32cubeide_1.5.0/stm32cubeide/plugins/com.st.stm32cube.ide.mcu.externaltools.gnu-tools-for-stm32.7-2018-q2-update.win32_1.5.0.202011040924/tools/bin/../lib/gcc/arm-none-eabi/7.3.1/thumb/v7e-m/fpv4-sp/hard\libgcc.a(_dvmd_tls.o)
                0x00000000080004e8                __aeabi_idiv0
                0x00000000080004e8                __aeabi_ldiv0
 *(.text*)
 .text.main     0x00000000080004ec       0x80 Core/Src/main.o
                0x00000000080004ec                main
 .text.SystemClock_Config
                0x000000000800056c       0xec Core/Src/main.o
                0x000000000800056c                SystemClock_Config
 .text.MX_CAN1_Init
                0x0000000008000658       0x74 Core/Src/main.o
 .text.MX_GPIO_Init
                0x00000000080006cc       0xe0 Core/Src/main.o
 .text._Error_Handler
                0x00000000080007ac       0x16 Core/Src/main.o
                0x00000000080007ac                _Error_Handler
 *fill*         0x00000000080007c2        0x2 
 .text.HAL_MspInit
                0x00000000080007c4       0x50 Core/Src/stm32f4xx_hal_msp.o
                0x00000000080007c4                HAL_MspInit
 .text.HAL_CAN_MspInit
                0x0000000008000814       0x90 Core/Src/stm32f4xx_hal_msp.o
                0x0000000008000814                HAL_CAN_MspInit
 .text.NMI_Handler
                0x00000000080008a4        0xe Core/Src/stm32f4xx_it.o
                0x00000000080008a4                NMI_Handler
 .text.HardFault_Handler
                0x00000000080008b2        0x6 Core/Src/stm32f4xx_it.o
                0x00000000080008b2                HardFault_Handler
 .text.MemManage_Handler
                0x00000000080008b8        0x6 Core/Src/stm32f4xx_it.o
                0x00000000080008b8                MemManage_Handler
 .text.BusFault_Handler
                0x00000000080008be        0x6 Core/Src/stm32f4xx_it.o
                0x00000000080008be                BusFault_Handler
 .text.UsageFault_Handler
                0x00000000080008c4        0x6 Core/Src/stm32f4xx_it.o
                0x00000000080008c4                UsageFault_Handler
 .text.SVC_Handler
                0x00000000080008ca        0xe Core/Src/stm32f4xx_it.o
                0x00000000080008ca                SVC_Handler
 .text.DebugMon_Handler
                0x00000000080008d8        0xe Core/Src/stm32f4xx_it.o
                0x00000000080008d8                DebugMon_Handler
 .text.PendSV_Handler
                0x00000000080008e6        0xe Core/Src/stm32f4xx_it.o
                0x00000000080008e6                PendSV_Handler
 .text.SysTick_Handler
                0x00000000080008f4       0x10 Core/Src/stm32f4xx_it.o
                0x00000000080008f4                SysTick_Handler
 .text.EXTI0_IRQHandler
                0x0000000008000904       0x74 Core/Src/stm32f4xx_it.o
                0x0000000008000904                EXTI0_IRQHandler
 .text.CAN1_RX0_IRQHandler
                0x0000000008000978       0xa8 Core/Src/stm32f4xx_it.o
                0x0000000008000978                CAN1_RX0_IRQHandler
 .text.SystemInit
                0x0000000008000a20       0x2c Core/Src/system_stm32f4xx.o
                0x0000000008000a20                SystemInit
 .text.Reset_Handler
                0x0000000008000a4c       0x50 Core/Startup/startup_stm32f429zitx.o
                0x0000000008000a4c                Reset_Handler
 .text.Default_Handler
                0x0000000008000a9c        0x2 Core/Startup/startup_stm32f429zitx.o
                0x0000000008000a9c                RTC_Alarm_IRQHandler
                0x0000000008000a9c                HASH_RNG_IRQHandler
                0x0000000008000a9c                EXTI2_IRQHandler
                0x0000000008000a9c                TIM8_CC_IRQHandler
                0x0000000008000a9c                UART8_IRQHandler
                0x0000000008000a9c                SPI4_IRQHandler
                0x0000000008000a9c                TIM1_CC_IRQHandler
                0x0000000008000a9c                DMA2_Stream5_IRQHandler
                0x0000000008000a9c                DMA1_Stream5_IRQHandler
                0x0000000008000a9c                PVD_IRQHandler
                0x0000000008000a9c                SDIO_IRQHandler
                0x0000000008000a9c                TAMP_STAMP_IRQHandler
                0x0000000008000a9c                CAN2_RX1_IRQHandler
                0x0000000008000a9c                EXTI3_IRQHandler
                0x0000000008000a9c                TIM8_TRG_COM_TIM14_IRQHandler
                0x0000000008000a9c                TIM1_UP_TIM10_IRQHandler
                0x0000000008000a9c                TIM8_UP_TIM13_IRQHandler
                0x0000000008000a9c                I2C3_ER_IRQHandler
                0x0000000008000a9c                I2C2_EV_IRQHandler
                0x0000000008000a9c                DMA1_Stream2_IRQHandler
                0x0000000008000a9c                FPU_IRQHandler
                0x0000000008000a9c                OTG_HS_WKUP_IRQHandler
                0x0000000008000a9c                LTDC_ER_IRQHandler
                0x0000000008000a9c                CAN2_SCE_IRQHandler
                0x0000000008000a9c                DMA2_Stream2_IRQHandler
                0x0000000008000a9c                SPI1_IRQHandler
                0x0000000008000a9c                TIM6_DAC_IRQHandler
                0x0000000008000a9c                TIM1_BRK_TIM9_IRQHandler
                0x0000000008000a9c                DCMI_IRQHandler
                0x0000000008000a9c                CAN2_RX0_IRQHandler
                0x0000000008000a9c                DMA2_Stream3_IRQHandler
                0x0000000008000a9c                USART6_IRQHandler
                0x0000000008000a9c                USART3_IRQHandler
                0x0000000008000a9c                CAN1_RX1_IRQHandler
                0x0000000008000a9c                UART5_IRQHandler
                0x0000000008000a9c                DMA2_Stream0_IRQHandler
                0x0000000008000a9c                TIM4_IRQHandler
                0x0000000008000a9c                I2C1_EV_IRQHandler
                0x0000000008000a9c                DMA1_Stream6_IRQHandler
                0x0000000008000a9c                DMA1_Stream1_IRQHandler
                0x0000000008000a9c                UART4_IRQHandler
                0x0000000008000a9c                TIM3_IRQHandler
                0x0000000008000a9c                RCC_IRQHandler
                0x0000000008000a9c                TIM8_BRK_TIM12_IRQHandler
                0x0000000008000a9c                Default_Handler
                0x0000000008000a9c                EXTI15_10_IRQHandler
                0x0000000008000a9c                ADC_IRQHandler
                0x0000000008000a9c                DMA1_Stream7_IRQHandler
                0x0000000008000a9c                SPI5_IRQHandler
                0x0000000008000a9c                TIM7_IRQHandler
                0x0000000008000a9c                CAN2_TX_IRQHandler
                0x0000000008000a9c                TIM5_IRQHandler
                0x0000000008000a9c                DMA2_Stream7_IRQHandler
                0x0000000008000a9c                I2C3_EV_IRQHandler
                0x0000000008000a9c                EXTI9_5_IRQHandler
                0x0000000008000a9c                RTC_WKUP_IRQHandler
                0x0000000008000a9c                LTDC_IRQHandler
                0x0000000008000a9c                ETH_WKUP_IRQHandler
                0x0000000008000a9c                SPI2_IRQHandler
                0x0000000008000a9c                OTG_HS_EP1_IN_IRQHandler
                0x0000000008000a9c                DMA1_Stream0_IRQHandler
                0x0000000008000a9c                CAN1_TX_IRQHandler
                0x0000000008000a9c                EXTI4_IRQHandler
                0x0000000008000a9c                ETH_IRQHandler
                0x0000000008000a9c                OTG_HS_EP1_OUT_IRQHandler
                0x0000000008000a9c                WWDG_IRQHandler
                0x0000000008000a9c                SPI6_IRQHandler
                0x0000000008000a9c                TIM2_IRQHandler
                0x0000000008000a9c                OTG_FS_WKUP_IRQHandler
                0x0000000008000a9c                TIM1_TRG_COM_TIM11_IRQHandler
                0x0000000008000a9c                OTG_HS_IRQHandler
                0x0000000008000a9c                DMA2D_IRQHandler
                0x0000000008000a9c                EXTI1_IRQHandler
                0x0000000008000a9c                UART7_IRQHandler
                0x0000000008000a9c                USART2_IRQHandler
                0x0000000008000a9c                I2C2_ER_IRQHandler
                0x0000000008000a9c                DMA2_Stream1_IRQHandler
                0x0000000008000a9c                CAN1_SCE_IRQHandler
                0x0000000008000a9c                FLASH_IRQHandler
                0x0000000008000a9c                DMA2_Stream4_IRQHandler
                0x0000000008000a9c                USART1_IRQHandler
                0x0000000008000a9c                OTG_FS_IRQHandler
                0x0000000008000a9c                SPI3_IRQHandler
                0x0000000008000a9c                DMA1_Stream4_IRQHandler
                0x0000000008000a9c                I2C1_ER_IRQHandler
                0x0000000008000a9c                FMC_IRQHandler
                0x0000000008000a9c                DMA2_Stream6_IRQHandler
                0x0000000008000a9c                SAI1_IRQHandler
                0x0000000008000a9c                DMA1_Stream3_IRQHandler
 *fill*         0x0000000008000a9e        0x2 
 .text.HAL_Init
                0x0000000008000aa0       0x44 Drivers/STM32F4xx_HAL_Driver/Src/stm32f4xx_hal.o
                0x0000000008000aa0                HAL_Init
 .text.HAL_InitTick
                0x0000000008000ae4       0x60 Drivers/STM32F4xx_HAL_Driver/Src/stm32f4xx_hal.o
                0x0000000008000ae4                HAL_InitTick
 .text.HAL_IncTick
                0x0000000008000b44       0x28 Drivers/STM32F4xx_HAL_Driver/Src/stm32f4xx_hal.o
                0x0000000008000b44                HAL_IncTick
 .text.HAL_GetTick
                0x0000000008000b6c       0x18 Drivers/STM32F4xx_HAL_Driver/Src/stm32f4xx_hal.o
                0x0000000008000b6c                HAL_GetTick
 .text.HAL_CAN_Init
                0x0000000008000b84      0x1f6 Drivers/STM32F4xx_HAL_Driver/Src/stm32f4xx_hal_can.o
                0x0000000008000b84                HAL_CAN_Init
 *fill*         0x0000000008000d7a        0x2 
 .text.HAL_CAN_ConfigFilter
                0x0000000008000d7c      0x1c0 Drivers/STM32F4xx_HAL_Driver/Src/stm32f4xx_hal_can.o
                0x0000000008000d7c                HAL_CAN_ConfigFilter
 .text.HAL_CAN_Start
                0x0000000008000f3c       0x88 Drivers/STM32F4xx_HAL_Driver/Src/stm32f4xx_hal_can.o
                0x0000000008000f3c                HAL_CAN_Start
 .text.HAL_CAN_AddTxMessage
                0x0000000008000fc4      0x1b6 Drivers/STM32F4xx_HAL_Driver/Src/stm32f4xx_hal_can.o
                0x0000000008000fc4                HAL_CAN_AddTxMessage
 .text.HAL_CAN_GetRxMessage
                0x000000000800117a      0x224 Drivers/STM32F4xx_HAL_Driver/Src/stm32f4xx_hal_can.o
                0x000000000800117a                HAL_CAN_GetRxMessage
 .text.HAL_CAN_ActivateNotification
                0x000000000800139e       0x4c Drivers/STM32F4xx_HAL_Driver/Src/stm32f4xx_hal_can.o
                0x000000000800139e                HAL_CAN_ActivateNotification
 .text.HAL_CAN_IRQHandler
                0x00000000080013ea      0x362 Drivers/STM32F4xx_HAL_Driver/Src/stm32f4xx_hal_can.o
                0x00000000080013ea                HAL_CAN_IRQHandler
 .text.HAL_CAN_TxMailbox0CompleteCallback
                0x000000000800174c       0x14 Drivers/STM32F4xx_HAL_Driver/Src/stm32f4xx_hal_can.o
                0x000000000800174c                HAL_CAN_TxMailbox0CompleteCallback
 .text.HAL_CAN_TxMailbox1CompleteCallback
                0x0000000008001760       0x14 Drivers/STM32F4xx_HAL_Driver/Src/stm32f4xx_hal_can.o
                0x0000000008001760                HAL_CAN_TxMailbox1CompleteCallback
 .text.HAL_CAN_TxMailbox2CompleteCallback
                0x0000000008001774       0x14 Drivers/STM32F4xx_HAL_Driver/Src/stm32f4xx_hal_can.o
                0x0000000008001774                HAL_CAN_TxMailbox2CompleteCallback
 .text.HAL_CAN_TxMailbox0AbortCallback
                0x0000000008001788       0x14 Drivers/STM32F4xx_HAL_Driver/Src/stm32f4xx_hal_can.o
                0x0000000008001788                HAL_CAN_TxMailbox0AbortCallback
 .text.HAL_CAN_TxMailbox1AbortCallback
                0x000000000800179c       0x14 Drivers/STM32F4xx_HAL_Driver/Src/stm32f4xx_hal_can.o
                0x000000000800179c                HAL_CAN_TxMailbox1AbortCallback
 .text.HAL_CAN_TxMailbox2AbortCallback
                0x00000000080017b0       0x14 Drivers/STM32F4xx_HAL_Driver/Src/stm32f4xx_hal_can.o
                0x00000000080017b0                HAL_CAN_TxMailbox2AbortCallback
 .text.HAL_CAN_RxFifo0MsgPendingCallback
                0x00000000080017c4       0x14 Drivers/STM32F4xx_HAL_Driver/Src/stm32f4xx_hal_can.o
                0x00000000080017c4                HAL_CAN_RxFifo0MsgPendingCallback
 .text.HAL_CAN_RxFifo0FullCallback
                0x00000000080017d8       0x14 Drivers/STM32F4xx_HAL_Driver/Src/stm32f4xx_hal_can.o
                0x00000000080017d8                HAL_CAN_RxFifo0FullCallback
 .text.HAL_CAN_RxFifo1MsgPendingCallback
                0x00000000080017ec       0x14 Drivers/STM32F4xx_HAL_Driver/Src/stm32f4xx_hal_can.o
                0x00000000080017ec                HAL_CAN_RxFifo1MsgPendingCallback
 .text.HAL_CAN_RxFifo1FullCallback
                0x0000000008001800       0x14 Drivers/STM32F4xx_HAL_Driver/Src/stm32f4xx_hal_can.o
                0x0000000008001800                HAL_CAN_RxFifo1FullCallback
 .text.HAL_CAN_SleepCallback
                0x0000000008001814       0x14 Drivers/STM32F4xx_HAL_Driver/Src/stm32f4xx_hal_can.o
                0x0000000008001814                HAL_CAN_SleepCallback
 .text.HAL_CAN_WakeUpFromRxMsgCallback
                0x0000000008001828       0x14 Drivers/STM32F4xx_HAL_Driver/Src/stm32f4xx_hal_can.o
                0x0000000008001828                HAL_CAN_WakeUpFromRxMsgCallback
 .text.HAL_CAN_ErrorCallback
                0x000000000800183c       0x14 Drivers/STM32F4xx_HAL_Driver/Src/stm32f4xx_hal_can.o
                0x000000000800183c                HAL_CAN_ErrorCallback
 .text.__NVIC_SetPriorityGrouping
                0x0000000008001850       0x48 Drivers/STM32F4xx_HAL_Driver/Src/stm32f4xx_hal_cortex.o
 .text.__NVIC_GetPriorityGrouping
                0x0000000008001898       0x1c Drivers/STM32F4xx_HAL_Driver/Src/stm32f4xx_hal_cortex.o
 .text.__NVIC_EnableIRQ
                0x00000000080018b4       0x3c Drivers/STM32F4xx_HAL_Driver/Src/stm32f4xx_hal_cortex.o
 .text.__NVIC_SetPriority
                0x00000000080018f0       0x54 Drivers/STM32F4xx_HAL_Driver/Src/stm32f4xx_hal_cortex.o
 .text.NVIC_EncodePriority
                0x0000000008001944       0x66 Drivers/STM32F4xx_HAL_Driver/Src/stm32f4xx_hal_cortex.o
 *fill*         0x00000000080019aa        0x2 
 .text.SysTick_Config
                0x00000000080019ac       0x44 Drivers/STM32F4xx_HAL_Driver/Src/stm32f4xx_hal_cortex.o
 .text.HAL_NVIC_SetPriorityGrouping
                0x00000000080019f0       0x16 Drivers/STM32F4xx_HAL_Driver/Src/stm32f4xx_hal_cortex.o
                0x00000000080019f0                HAL_NVIC_SetPriorityGrouping
 .text.HAL_NVIC_SetPriority
                0x0000000008001a06       0x38 Drivers/STM32F4xx_HAL_Driver/Src/stm32f4xx_hal_cortex.o
                0x0000000008001a06                HAL_NVIC_SetPriority
 .text.HAL_NVIC_EnableIRQ
                0x0000000008001a3e       0x1c Drivers/STM32F4xx_HAL_Driver/Src/stm32f4xx_hal_cortex.o
                0x0000000008001a3e                HAL_NVIC_EnableIRQ
 .text.HAL_SYSTICK_Config
                0x0000000008001a5a       0x18 Drivers/STM32F4xx_HAL_Driver/Src/stm32f4xx_hal_cortex.o
                0x0000000008001a5a                HAL_SYSTICK_Config
 *fill*         0x0000000008001a72        0x2 
 .text.HAL_SYSTICK_CLKSourceConfig
                0x0000000008001a74       0x38 Drivers/STM32F4xx_HAL_Driver/Src/stm32f4xx_hal_cortex.o
                0x0000000008001a74                HAL_SYSTICK_CLKSourceConfig
 .text.HAL_SYSTICK_IRQHandler
                0x0000000008001aac        0xc Drivers/STM32F4xx_HAL_Driver/Src/stm32f4xx_hal_cortex.o
                0x0000000008001aac                HAL_SYSTICK_IRQHandler
 .text.HAL_SYSTICK_Callback
                0x0000000008001ab8        0xe Drivers/STM32F4xx_HAL_Driver/Src/stm32f4xx_hal_cortex.o
                0x0000000008001ab8                HAL_SYSTICK_Callback
 *fill*         0x0000000008001ac6        0x2 
 .text.HAL_GPIO_Init
                0x0000000008001ac8      0x354 Drivers/STM32F4xx_HAL_Driver/Src/stm32f4xx_hal_gpio.o
                0x0000000008001ac8                HAL_GPIO_Init
 .text.HAL_GPIO_ReadPin
                0x0000000008001e1c       0x30 Drivers/STM32F4xx_HAL_Driver/Src/stm32f4xx_hal_gpio.o
                0x0000000008001e1c                HAL_GPIO_ReadPin
 .text.HAL_GPIO_WritePin
                0x0000000008001e4c       0x32 Drivers/STM32F4xx_HAL_Driver/Src/stm32f4xx_hal_gpio.o
                0x0000000008001e4c                HAL_GPIO_WritePin
 *fill*         0x0000000008001e7e        0x2 
 .text.HAL_GPIO_EXTI_IRQHandler
                0x0000000008001e80       0x30 Drivers/STM32F4xx_HAL_Driver/Src/stm32f4xx_hal_gpio.o
                0x0000000008001e80                HAL_GPIO_EXTI_IRQHandler
 .text.HAL_GPIO_EXTI_Callback
                0x0000000008001eb0       0x16 Drivers/STM32F4xx_HAL_Driver/Src/stm32f4xx_hal_gpio.o
                0x0000000008001eb0                HAL_GPIO_EXTI_Callback
 *fill*         0x0000000008001ec6        0x2 
 .text.HAL_RCC_OscConfig
                0x0000000008001ec8      0x4e0 Drivers/STM32F4xx_HAL_Driver/Src/stm32f4xx_hal_rcc.o
                0x0000000008001ec8                HAL_RCC_OscConfig
 .text.HAL_RCC_ClockConfig
                0x00000000080023a8      0x1cc Drivers/STM32F4xx_HAL_Driver/Src/stm32f4xx_hal_rcc.o
                0x00000000080023a8                HAL_RCC_ClockConfig
 .text.HAL_RCC_GetSysClockFreq
                0x0000000008002574      0x1b0 Drivers/STM32F4xx_HAL_Driver/Src/stm32f4xx_hal_rcc.o
                0x0000000008002574                HAL_RCC_GetSysClockFreq
 .text.HAL_RCC_GetHCLKFreq
                0x0000000008002724       0x18 Drivers/STM32F4xx_HAL_Driver/Src/stm32f4xx_hal_rcc.o
                0x0000000008002724                HAL_RCC_GetHCLKFreq
 .text.__libc_init_array
                0x000000000800273c       0x48 c:/st/stm32cubeide_1.5.0/stm32cubeide/plugins/com.st.stm32cube.ide.mcu.externaltools.gnu-tools-for-stm32.7-2018-q2-update.win32_1.5.0.202011040924/tools/bin/../lib/gcc/arm-none-eabi/7.3.1/../../../../arm-none-eabi/lib/thumb/v7e-m/fpv4-sp/hard\libc_nano.a(lib_a-init.o)
                0x000000000800273c                __libc_init_array
 *(.glue_7)
 .glue_7        0x0000000008002784        0x0 linker stubs
 *(.glue_7t)
 .glue_7t       0x0000000008002784        0x0 linker stubs
 *(.eh_frame)
 .eh_frame      0x0000000008002784        0x0 c:/st/stm32cubeide_1.5.0/stm32cubeide/plugins/com.st.stm32cube.ide.mcu.externaltools.gnu-tools-for-stm32.7-2018-q2-update.win32_1.5.0.202011040924/tools/bin/../lib/gcc/arm-none-eabi/7.3.1/thumb/v7e-m/fpv4-sp/hard/crtbegin.o
 *(.init)
 .init          0x0000000008002784        0x4 c:/st/stm32cubeide_1.5.0/stm32cubeide/plugins/com.st.stm32cube.ide.mcu.externaltools.gnu-tools-for-stm32.7-2018-q2-update.win32_1.5.0.202011040924/tools/bin/../lib/gcc/arm-none-eabi/7.3.1/thumb/v7e-m/fpv4-sp/hard/crti.o
                0x0000000008002784                _init
 .init          0x0000000008002788        0x8 c:/st/stm32cubeide_1.5.0/stm32cubeide/plugins/com.st.stm32cube.ide.mcu.externaltools.gnu-tools-for-stm32.7-2018-q2-update.win32_1.5.0.202011040924/tools/bin/../lib/gcc/arm-none-eabi/7.3.1/thumb/v7e-m/fpv4-sp/hard/crtn.o
 *(.fini)
 .fini          0x0000000008002790        0x4 c:/st/stm32cubeide_1.5.0/stm32cubeide/plugins/com.st.stm32cube.ide.mcu.externaltools.gnu-tools-for-stm32.7-2018-q2-update.win32_1.5.0.202011040924/tools/bin/../lib/gcc/arm-none-eabi/7.3.1/thumb/v7e-m/fpv4-sp/hard/crti.o
                0x0000000008002790                _fini
 .fini          0x0000000008002794        0x8 c:/st/stm32cubeide_1.5.0/stm32cubeide/plugins/com.st.stm32cube.ide.mcu.externaltools.gnu-tools-for-stm32.7-2018-q2-update.win32_1.5.0.202011040924/tools/bin/../lib/gcc/arm-none-eabi/7.3.1/thumb/v7e-m/fpv4-sp/hard/crtn.o
                0x000000000800279c                . = ALIGN (0x4)
                0x000000000800279c                _etext = .

.vfp11_veneer   0x000000000800279c        0x0
 .vfp11_veneer  0x000000000800279c        0x0 linker stubs

.v4_bx          0x000000000800279c        0x0
 .v4_bx         0x000000000800279c        0x0 linker stubs

.iplt           0x000000000800279c        0x0
 .iplt          0x000000000800279c        0x0 c:/st/stm32cubeide_1.5.0/stm32cubeide/plugins/com.st.stm32cube.ide.mcu.externaltools.gnu-tools-for-stm32.7-2018-q2-update.win32_1.5.0.202011040924/tools/bin/../lib/gcc/arm-none-eabi/7.3.1/thumb/v7e-m/fpv4-sp/hard/crtbegin.o

.rodata         0x000000000800279c       0x24
                0x000000000800279c                . = ALIGN (0x4)
 *(.rodata)
 .rodata        0x000000000800279c       0x13 Core/Src/main.o
 *(.rodata*)
 *fill*         0x00000000080027af        0x1 
 .rodata.AHBPrescTable
                0x00000000080027b0       0x10 Core/Src/system_stm32f4xx.o
                0x00000000080027b0                AHBPrescTable
                0x00000000080027c0                . = ALIGN (0x4)

.ARM.extab      0x00000000080027c0        0x0
                0x00000000080027c0                . = ALIGN (0x4)
 *(.ARM.extab* .gnu.linkonce.armextab.*)
                0x00000000080027c0                . = ALIGN (0x4)

.ARM            0x00000000080027c0        0x8
                0x00000000080027c0                . = ALIGN (0x4)
                0x00000000080027c0                __exidx_start = .
 *(.ARM.exidx*)
 .ARM.exidx     0x00000000080027c0        0x8 c:/st/stm32cubeide_1.5.0/stm32cubeide/plugins/com.st.stm32cube.ide.mcu.externaltools.gnu-tools-for-stm32.7-2018-q2-update.win32_1.5.0.202011040924/tools/bin/../lib/gcc/arm-none-eabi/7.3.1/thumb/v7e-m/fpv4-sp/hard\libgcc.a(_udivmoddi4.o)
                0x00000000080027c8                __exidx_end = .
                0x00000000080027c8                . = ALIGN (0x4)

.rel.dyn        0x00000000080027c8        0x0
 .rel.iplt      0x00000000080027c8        0x0 c:/st/stm32cubeide_1.5.0/stm32cubeide/plugins/com.st.stm32cube.ide.mcu.externaltools.gnu-tools-for-stm32.7-2018-q2-update.win32_1.5.0.202011040924/tools/bin/../lib/gcc/arm-none-eabi/7.3.1/thumb/v7e-m/fpv4-sp/hard/crtbegin.o

.preinit_array  0x00000000080027c8        0x0
                0x00000000080027c8                . = ALIGN (0x4)
                0x00000000080027c8                PROVIDE (__preinit_array_start = .)
 *(.preinit_array*)
                0x00000000080027c8                PROVIDE (__preinit_array_end = .)
                0x00000000080027c8                . = ALIGN (0x4)

.init_array     0x00000000080027c8        0x4
                0x00000000080027c8                . = ALIGN (0x4)
                0x00000000080027c8                PROVIDE (__init_array_start = .)
 *(SORT_BY_NAME(.init_array.*))
 *(.init_array*)
 .init_array    0x00000000080027c8        0x4 c:/st/stm32cubeide_1.5.0/stm32cubeide/plugins/com.st.stm32cube.ide.mcu.externaltools.gnu-tools-for-stm32.7-2018-q2-update.win32_1.5.0.202011040924/tools/bin/../lib/gcc/arm-none-eabi/7.3.1/thumb/v7e-m/fpv4-sp/hard/crtbegin.o
                0x00000000080027cc                PROVIDE (__init_array_end = .)
                0x00000000080027cc                . = ALIGN (0x4)

.fini_array     0x00000000080027cc        0x4
                0x00000000080027cc                . = ALIGN (0x4)
                [!provide]                        PROVIDE (__fini_array_start = .)
 *(SORT_BY_NAME(.fini_array.*))
 *(.fini_array*)
 .fini_array    0x00000000080027cc        0x4 c:/st/stm32cubeide_1.5.0/stm32cubeide/plugins/com.st.stm32cube.ide.mcu.externaltools.gnu-tools-for-stm32.7-2018-q2-update.win32_1.5.0.202011040924/tools/bin/../lib/gcc/arm-none-eabi/7.3.1/thumb/v7e-m/fpv4-sp/hard/crtbegin.o
                [!provide]                        PROVIDE (__fini_array_end = .)
                0x00000000080027d0                . = ALIGN (0x4)
                0x00000000080027d0                _sidata = LOADADDR (.data)

.data           0x0000000020000000        0xc load address 0x00000000080027d0
                0x0000000020000000                . = ALIGN (0x4)
                0x0000000020000000                _sdata = .
 *(.data)
 *(.data*)
 .data.SystemCoreClock
                0x0000000020000000        0x4 Core/Src/system_stm32f4xx.o
                0x0000000020000000                SystemCoreClock
 .data.uwTickPrio
                0x0000000020000004        0x4 Drivers/STM32F4xx_HAL_Driver/Src/stm32f4xx_hal.o
                0x0000000020000004                uwTickPrio
 .data.uwTickFreq
                0x0000000020000008        0x1 Drivers/STM32F4xx_HAL_Driver/Src/stm32f4xx_hal.o
                0x0000000020000008                uwTickFreq
 *(.RamFunc)
 *(.RamFunc*)
                0x000000002000000c                . = ALIGN (0x4)
 *fill*         0x0000000020000009        0x3 
                0x000000002000000c                _edata = .

.igot.plt       0x000000002000000c        0x0 load address 0x00000000080027dc
 .igot.plt      0x000000002000000c        0x0 c:/st/stm32cubeide_1.5.0/stm32cubeide/plugins/com.st.stm32cube.ide.mcu.externaltools.gnu-tools-for-stm32.7-2018-q2-update.win32_1.5.0.202011040924/tools/bin/../lib/gcc/arm-none-eabi/7.3.1/thumb/v7e-m/fpv4-sp/hard/crtbegin.o
                0x000000002000000c                . = ALIGN (0x4)

.bss            0x000000002000000c       0xb0 load address 0x00000000080027dc
                0x000000002000000c                _sbss = .
                0x000000002000000c                __bss_start__ = _sbss
 *(.bss)
 .bss           0x000000002000000c       0x1c c:/st/stm32cubeide_1.5.0/stm32cubeide/plugins/com.st.stm32cube.ide.mcu.externaltools.gnu-tools-for-stm32.7-2018-q2-update.win32_1.5.0.202011040924/tools/bin/../lib/gcc/arm-none-eabi/7.3.1/thumb/v7e-m/fpv4-sp/hard/crtbegin.o
 *(.bss*)
 *(COMMON)
 COMMON         0x0000000020000028       0x90 Core/Src/main.o
                0x0000000020000028                sFilterConfig
                0x0000000020000050                r
                0x0000000020000054                TxMailbox
                0x0000000020000058                pRxHeader
                0x0000000020000074                hcan1
                0x000000002000009c                a
                0x00000000200000a0                pHeader
 COMMON         0x00000000200000b8        0x4 Drivers/STM32F4xx_HAL_Driver/Src/stm32f4xx_hal.o
                0x00000000200000b8                uwTick
                0x00000000200000bc                . = ALIGN (0x4)
                0x00000000200000bc                _ebss = .
                0x00000000200000bc                __bss_end__ = _ebss

._user_heap_stack
                0x00000000200000bc      0x604 load address 0x00000000080027dc
                0x00000000200000c0                . = ALIGN (0x8)
 *fill*         0x00000000200000bc        0x4 
                [!provide]                        PROVIDE (end = .)
                [!provide]                        PROVIDE (_end = .)
                0x00000000200002c0                . = (. + _Min_Heap_Size)
 *fill*         0x00000000200000c0      0x200 
                0x00000000200006c0                . = (. + _Min_Stack_Size)
 *fill*         0x00000000200002c0      0x400 
                0x00000000200006c0                . = ALIGN (0x8)

/DISCARD/
 libc.a(*)
 libm.a(*)
 libgcc.a(*)

.ARM.attributes
                0x0000000000000000       0x30
 *(.ARM.attributes)
 .ARM.attributes
                0x0000000000000000       0x22 c:/st/stm32cubeide_1.5.0/stm32cubeide/plugins/com.st.stm32cube.ide.mcu.externaltools.gnu-tools-for-stm32.7-2018-q2-update.win32_1.5.0.202011040924/tools/bin/../lib/gcc/arm-none-eabi/7.3.1/thumb/v7e-m/fpv4-sp/hard/crti.o
 .ARM.attributes
                0x0000000000000022       0x34 c:/st/stm32cubeide_1.5.0/stm32cubeide/plugins/com.st.stm32cube.ide.mcu.externaltools.gnu-tools-for-stm32.7-2018-q2-update.win32_1.5.0.202011040924/tools/bin/../lib/gcc/arm-none-eabi/7.3.1/thumb/v7e-m/fpv4-sp/hard/crtbegin.o
 .ARM.attributes
                0x0000000000000056       0x39 Core/Src/main.o
 .ARM.attributes
                0x000000000000008f       0x39 Core/Src/stm32f4xx_hal_msp.o
 .ARM.attributes
                0x00000000000000c8       0x39 Core/Src/stm32f4xx_it.o
 .ARM.attributes
                0x0000000000000101       0x39 Core/Src/system_stm32f4xx.o
 .ARM.attributes
                0x000000000000013a       0x21 Core/Startup/startup_stm32f429zitx.o
 .ARM.attributes
                0x000000000000015b       0x39 Drivers/STM32F4xx_HAL_Driver/Src/stm32f4xx_hal.o
 .ARM.attributes
                0x0000000000000194       0x39 Drivers/STM32F4xx_HAL_Driver/Src/stm32f4xx_hal_can.o
 .ARM.attributes
                0x00000000000001cd       0x39 Drivers/STM32F4xx_HAL_Driver/Src/stm32f4xx_hal_cortex.o
 .ARM.attributes
                0x0000000000000206       0x39 Drivers/STM32F4xx_HAL_Driver/Src/stm32f4xx_hal_gpio.o
 .ARM.attributes
                0x000000000000023f       0x39 Drivers/STM32F4xx_HAL_Driver/Src/stm32f4xx_hal_rcc.o
 .ARM.attributes
                0x0000000000000278       0x34 c:/st/stm32cubeide_1.5.0/stm32cubeide/plugins/com.st.stm32cube.ide.mcu.externaltools.gnu-tools-for-stm32.7-2018-q2-update.win32_1.5.0.202011040924/tools/bin/../lib/gcc/arm-none-eabi/7.3.1/../../../../arm-none-eabi/lib/thumb/v7e-m/fpv4-sp/hard\libc_nano.a(lib_a-init.o)
 .ARM.attributes
                0x00000000000002ac       0x22 c:/st/stm32cubeide_1.5.0/stm32cubeide/plugins/com.st.stm32cube.ide.mcu.externaltools.gnu-tools-for-stm32.7-2018-q2-update.win32_1.5.0.202011040924/tools/bin/../lib/gcc/arm-none-eabi/7.3.1/thumb/v7e-m/fpv4-sp/hard\libgcc.a(_aeabi_uldivmod.o)
 .ARM.attributes
                0x00000000000002ce       0x34 c:/st/stm32cubeide_1.5.0/stm32cubeide/plugins/com.st.stm32cube.ide.mcu.externaltools.gnu-tools-for-stm32.7-2018-q2-update.win32_1.5.0.202011040924/tools/bin/../lib/gcc/arm-none-eabi/7.3.1/thumb/v7e-m/fpv4-sp/hard\libgcc.a(_udivmoddi4.o)
 .ARM.attributes
                0x0000000000000302       0x22 c:/st/stm32cubeide_1.5.0/stm32cubeide/plugins/com.st.stm32cube.ide.mcu.externaltools.gnu-tools-for-stm32.7-2018-q2-update.win32_1.5.0.202011040924/tools/bin/../lib/gcc/arm-none-eabi/7.3.1/thumb/v7e-m/fpv4-sp/hard\libgcc.a(_dvmd_tls.o)
 .ARM.attributes
                0x0000000000000324       0x22 c:/st/stm32cubeide_1.5.0/stm32cubeide/plugins/com.st.stm32cube.ide.mcu.externaltools.gnu-tools-for-stm32.7-2018-q2-update.win32_1.5.0.202011040924/tools/bin/../lib/gcc/arm-none-eabi/7.3.1/thumb/v7e-m/fpv4-sp/hard/crtn.o
OUTPUT(CAN_4.elf elf32-littlearm)

.debug_info     0x0000000000000000     0x6ea6
 .debug_info    0x0000000000000000      0xf2f Core/Src/main.o
 .debug_info    0x0000000000000f2f     0x1978 Core/Src/stm32f4xx_hal_msp.o
 .debug_info    0x00000000000028a7      0x7bc Core/Src/stm32f4xx_it.o
 .debug_info    0x0000000000003063      0x56e Core/Src/system_stm32f4xx.o
 .debug_info    0x00000000000035d1       0x22 Core/Startup/startup_stm32f429zitx.o
 .debug_info    0x00000000000035f3      0x9b9 Drivers/STM32F4xx_HAL_Driver/Src/stm32f4xx_hal.o
 .debug_info    0x0000000000003fac      0xfaf Drivers/STM32F4xx_HAL_Driver/Src/stm32f4xx_hal_can.o
 .debug_info    0x0000000000004f5b      0xe5e Drivers/STM32F4xx_HAL_Driver/Src/stm32f4xx_hal_cortex.o
 .debug_info    0x0000000000005db9      0x7cf Drivers/STM32F4xx_HAL_Driver/Src/stm32f4xx_hal_gpio.o
 .debug_info    0x0000000000006588      0x91e Drivers/STM32F4xx_HAL_Driver/Src/stm32f4xx_hal_rcc.o

.debug_abbrev   0x0000000000000000     0x1212
 .debug_abbrev  0x0000000000000000      0x215 Core/Src/main.o
 .debug_abbrev  0x0000000000000215      0x225 Core/Src/stm32f4xx_hal_msp.o
 .debug_abbrev  0x000000000000043a      0x1af Core/Src/stm32f4xx_it.o
 .debug_abbrev  0x00000000000005e9      0x12b Core/Src/system_stm32f4xx.o
 .debug_abbrev  0x0000000000000714       0x12 Core/Startup/startup_stm32f429zitx.o
 .debug_abbrev  0x0000000000000726      0x1c7 Drivers/STM32F4xx_HAL_Driver/Src/stm32f4xx_hal.o
 .debug_abbrev  0x00000000000008ed      0x21d Drivers/STM32F4xx_HAL_Driver/Src/stm32f4xx_hal_can.o
 .debug_abbrev  0x0000000000000b0a      0x2fa Drivers/STM32F4xx_HAL_Driver/Src/stm32f4xx_hal_cortex.o
 .debug_abbrev  0x0000000000000e04      0x1c9 Drivers/STM32F4xx_HAL_Driver/Src/stm32f4xx_hal_gpio.o
 .debug_abbrev  0x0000000000000fcd      0x245 Drivers/STM32F4xx_HAL_Driver/Src/stm32f4xx_hal_rcc.o

.debug_aranges  0x0000000000000000      0x590
 .debug_aranges
                0x0000000000000000       0x40 Core/Src/main.o
 .debug_aranges
                0x0000000000000040       0x60 Core/Src/stm32f4xx_hal_msp.o
 .debug_aranges
                0x00000000000000a0       0x70 Core/Src/stm32f4xx_it.o
 .debug_aranges
                0x0000000000000110       0x28 Core/Src/system_stm32f4xx.o
 .debug_aranges
                0x0000000000000138       0x28 Core/Startup/startup_stm32f429zitx.o
 .debug_aranges
                0x0000000000000160      0x100 Drivers/STM32F4xx_HAL_Driver/Src/stm32f4xx_hal.o
 .debug_aranges
                0x0000000000000260      0x138 Drivers/STM32F4xx_HAL_Driver/Src/stm32f4xx_hal_can.o
 .debug_aranges
                0x0000000000000398      0x118 Drivers/STM32F4xx_HAL_Driver/Src/stm32f4xx_hal_cortex.o
 .debug_aranges
                0x00000000000004b0       0x58 Drivers/STM32F4xx_HAL_Driver/Src/stm32f4xx_hal_gpio.o
 .debug_aranges
                0x0000000000000508       0x88 Drivers/STM32F4xx_HAL_Driver/Src/stm32f4xx_hal_rcc.o

.debug_ranges   0x0000000000000000      0x4f8
 .debug_ranges  0x0000000000000000       0x30 Core/Src/main.o
 .debug_ranges  0x0000000000000030       0x50 Core/Src/stm32f4xx_hal_msp.o
 .debug_ranges  0x0000000000000080       0x60 Core/Src/stm32f4xx_it.o
 .debug_ranges  0x00000000000000e0       0x18 Core/Src/system_stm32f4xx.o
 .debug_ranges  0x00000000000000f8       0x20 Core/Startup/startup_stm32f429zitx.o
 .debug_ranges  0x0000000000000118       0xf0 Drivers/STM32F4xx_HAL_Driver/Src/stm32f4xx_hal.o
 .debug_ranges  0x0000000000000208      0x128 Drivers/STM32F4xx_HAL_Driver/Src/stm32f4xx_hal_can.o
 .debug_ranges  0x0000000000000330      0x108 Drivers/STM32F4xx_HAL_Driver/Src/stm32f4xx_hal_cortex.o
 .debug_ranges  0x0000000000000438       0x48 Drivers/STM32F4xx_HAL_Driver/Src/stm32f4xx_hal_gpio.o
 .debug_ranges  0x0000000000000480       0x78 Drivers/STM32F4xx_HAL_Driver/Src/stm32f4xx_hal_rcc.o

.debug_macro    0x0000000000000000    0x22f2e
 .debug_macro   0x0000000000000000      0x201 Core/Src/main.o
 .debug_macro   0x0000000000000201      0xa5a Core/Src/main.o
 .debug_macro   0x0000000000000c5b      0x2ae Core/Src/main.o
 .debug_macro   0x0000000000000f09       0x2e Core/Src/main.o
 .debug_macro   0x0000000000000f37       0x28 Core/Src/main.o
 .debug_macro   0x0000000000000f5f       0x22 Core/Src/main.o
 .debug_macro   0x0000000000000f81       0x8e Core/Src/main.o
 .debug_macro   0x000000000000100f       0x51 Core/Src/main.o
 .debug_macro   0x0000000000001060       0xef Core/Src/main.o
 .debug_macro   0x000000000000114f       0x6a Core/Src/main.o
 .debug_macro   0x00000000000011b9      0x1df Core/Src/main.o
 .debug_macro   0x0000000000001398       0x1c Core/Src/main.o
 .debug_macro   0x00000000000013b4       0x22 Core/Src/main.o
 .debug_macro   0x00000000000013d6       0xdf Core/Src/main.o
 .debug_macro   0x00000000000014b5     0x102d Core/Src/main.o
 .debug_macro   0x00000000000024e2      0x11f Core/Src/main.o
 .debug_macro   0x0000000000002601    0x17f69 Core/Src/main.o
 .debug_macro   0x000000000001a56a       0x43 Core/Src/main.o
 .debug_macro   0x000000000001a5ad     0x36c9 Core/Src/main.o
 .debug_macro   0x000000000001dc76      0x174 Core/Src/main.o
 .debug_macro   0x000000000001ddea       0x5a Core/Src/main.o
 .debug_macro   0x000000000001de44      0xca5 Core/Src/main.o
 .debug_macro   0x000000000001eae9      0x9fe Core/Src/main.o
 .debug_macro   0x000000000001f4e7      0x117 Core/Src/main.o
 .debug_macro   0x000000000001f5fe      0x157 Core/Src/main.o
 .debug_macro   0x000000000001f755       0x27 Core/Src/main.o
 .debug_macro   0x000000000001f77c      0x182 Core/Src/main.o
 .debug_macro   0x000000000001f8fe      0x287 Core/Src/main.o
 .debug_macro   0x000000000001fb85       0x5f Core/Src/main.o
 .debug_macro   0x000000000001fbe4      0x236 Core/Src/main.o
 .debug_macro   0x000000000001fe1a      0x40f Core/Src/main.o
 .debug_macro   0x0000000000020229      0xccf Core/Src/main.o
 .debug_macro   0x0000000000020ef8      0x132 Core/Src/main.o
 .debug_macro   0x000000000002102a      0x41d Core/Src/main.o
 .debug_macro   0x0000000000021447       0x2e Core/Src/main.o
 .debug_macro   0x0000000000021475      0x11a Core/Src/main.o
 .debug_macro   0x000000000002158f       0xe2 Core/Src/main.o
 .debug_macro   0x0000000000021671       0x89 Core/Src/main.o
 .debug_macro   0x00000000000216fa      0x287 Core/Src/main.o
 .debug_macro   0x0000000000021981      0x21e Core/Src/main.o
 .debug_macro   0x0000000000021b9f       0xba Core/Src/main.o
 .debug_macro   0x0000000000021c59      0x134 Core/Src/main.o
 .debug_macro   0x0000000000021d8d      0x130 Core/Src/main.o
 .debug_macro   0x0000000000021ebd      0x201 Core/Src/stm32f4xx_hal_msp.o
 .debug_macro   0x00000000000220be      0x1fc Core/Src/stm32f4xx_it.o
 .debug_macro   0x00000000000222ba      0x1f8 Core/Src/system_stm32f4xx.o
 .debug_macro   0x00000000000224b2      0x252 Drivers/STM32F4xx_HAL_Driver/Src/stm32f4xx_hal.o
 .debug_macro   0x0000000000022704      0x1fa Drivers/STM32F4xx_HAL_Driver/Src/stm32f4xx_hal_can.o
 .debug_macro   0x00000000000228fe      0x1f2 Drivers/STM32F4xx_HAL_Driver/Src/stm32f4xx_hal_cortex.o
 .debug_macro   0x0000000000022af0      0x228 Drivers/STM32F4xx_HAL_Driver/Src/stm32f4xx_hal_gpio.o
 .debug_macro   0x0000000000022d18      0x216 Drivers/STM32F4xx_HAL_Driver/Src/stm32f4xx_hal_rcc.o

.debug_line     0x0000000000000000     0x5075
 .debug_line    0x0000000000000000      0x783 Core/Src/main.o
 .debug_line    0x0000000000000783      0x7e6 Core/Src/stm32f4xx_hal_msp.o
 .debug_line    0x0000000000000f69      0x7e5 Core/Src/stm32f4xx_it.o
 .debug_line    0x000000000000174e      0x720 Core/Src/system_stm32f4xx.o
 .debug_line    0x0000000000001e6e       0x85 Core/Startup/startup_stm32f429zitx.o
 .debug_line    0x0000000000001ef3      0x92e Drivers/STM32F4xx_HAL_Driver/Src/stm32f4xx_hal.o
 .debug_line    0x0000000000002821      0xbb3 Drivers/STM32F4xx_HAL_Driver/Src/stm32f4xx_hal_can.o
 .debug_line    0x00000000000033d4      0xa2e Drivers/STM32F4xx_HAL_Driver/Src/stm32f4xx_hal_cortex.o
 .debug_line    0x0000000000003e02      0x911 Drivers/STM32F4xx_HAL_Driver/Src/stm32f4xx_hal_gpio.o
 .debug_line    0x0000000000004713      0x962 Drivers/STM32F4xx_HAL_Driver/Src/stm32f4xx_hal_rcc.o

.debug_str      0x0000000000000000    0xd8b46
 .debug_str     0x0000000000000000    0xd6b67 Core/Src/main.o
                                      0xd6e57 (size before relaxing)
 .debug_str     0x00000000000d6b67      0xbd3 Core/Src/stm32f4xx_hal_msp.o
                                      0xd7231 (size before relaxing)
 .debug_str     0x00000000000d773a       0xe2 Core/Src/stm32f4xx_it.o
                                      0xd61b7 (size before relaxing)
 .debug_str     0x00000000000d781c       0xc4 Core/Src/system_stm32f4xx.o
                                      0xd5f28 (size before relaxing)
 .debug_str     0x00000000000d78e0       0x36 Core/Startup/startup_stm32f429zitx.o
                                         0xb5 (size before relaxing)
 .debug_str     0x00000000000d7916      0x5c8 Drivers/STM32F4xx_HAL_Driver/Src/stm32f4xx_hal.o
                                      0xd6a94 (size before relaxing)
 .debug_str     0x00000000000d7ede      0x46f Drivers/STM32F4xx_HAL_Driver/Src/stm32f4xx_hal_can.o
                                      0xd660c (size before relaxing)
 .debug_str     0x00000000000d834d      0x394 Drivers/STM32F4xx_HAL_Driver/Src/stm32f4xx_hal_cortex.o
                                      0xd6835 (size before relaxing)
 .debug_str     0x00000000000d86e1      0x20c Drivers/STM32F4xx_HAL_Driver/Src/stm32f4xx_hal_gpio.o
                                      0xd6167 (size before relaxing)
 .debug_str     0x00000000000d88ed      0x259 Drivers/STM32F4xx_HAL_Driver/Src/stm32f4xx_hal_rcc.o
                                      0xd6315 (size before relaxing)

.comment        0x0000000000000000       0x7b
 .comment       0x0000000000000000       0x7b Core/Src/main.o
                                         0x7c (size before relaxing)
 .comment       0x000000000000007b       0x7c Core/Src/stm32f4xx_hal_msp.o
 .comment       0x000000000000007b       0x7c Core/Src/stm32f4xx_it.o
 .comment       0x000000000000007b       0x7c Core/Src/system_stm32f4xx.o
 .comment       0x000000000000007b       0x7c Drivers/STM32F4xx_HAL_Driver/Src/stm32f4xx_hal.o
 .comment       0x000000000000007b       0x7c Drivers/STM32F4xx_HAL_Driver/Src/stm32f4xx_hal_can.o
 .comment       0x000000000000007b       0x7c Drivers/STM32F4xx_HAL_Driver/Src/stm32f4xx_hal_cortex.o
 .comment       0x000000000000007b       0x7c Drivers/STM32F4xx_HAL_Driver/Src/stm32f4xx_hal_gpio.o
 .comment       0x000000000000007b       0x7c Drivers/STM32F4xx_HAL_Driver/Src/stm32f4xx_hal_rcc.o

.debug_frame    0x0000000000000000     0x1568
 .debug_frame   0x0000000000000000       0xb8 Core/Src/main.o
 .debug_frame   0x00000000000000b8      0x158 Core/Src/stm32f4xx_hal_msp.o
 .debug_frame   0x0000000000000210      0x14c Core/Src/stm32f4xx_it.o
 .debug_frame   0x000000000000035c       0x58 Core/Src/system_stm32f4xx.o
 .debug_frame   0x00000000000003b4      0x3b4 Drivers/STM32F4xx_HAL_Driver/Src/stm32f4xx_hal.o
 .debug_frame   0x0000000000000768      0x5a0 Drivers/STM32F4xx_HAL_Driver/Src/stm32f4xx_hal_can.o
 .debug_frame   0x0000000000000d08      0x498 Drivers/STM32F4xx_HAL_Driver/Src/stm32f4xx_hal_cortex.o
 .debug_frame   0x00000000000011a0      0x14c Drivers/STM32F4xx_HAL_Driver/Src/stm32f4xx_hal_gpio.o
 .debug_frame   0x00000000000012ec      0x1f0 Drivers/STM32F4xx_HAL_Driver/Src/stm32f4xx_hal_rcc.o
 .debug_frame   0x00000000000014dc       0x2c c:/st/stm32cubeide_1.5.0/stm32cubeide/plugins/com.st.stm32cube.ide.mcu.externaltools.gnu-tools-for-stm32.7-2018-q2-update.win32_1.5.0.202011040924/tools/bin/../lib/gcc/arm-none-eabi/7.3.1/../../../../arm-none-eabi/lib/thumb/v7e-m/fpv4-sp/hard\libc_nano.a(lib_a-init.o)
 .debug_frame   0x0000000000001508       0x2c c:/st/stm32cubeide_1.5.0/stm32cubeide/plugins/com.st.stm32cube.ide.mcu.externaltools.gnu-tools-for-stm32.7-2018-q2-update.win32_1.5.0.202011040924/tools/bin/../lib/gcc/arm-none-eabi/7.3.1/thumb/v7e-m/fpv4-sp/hard\libgcc.a(_aeabi_uldivmod.o)
 .debug_frame   0x0000000000001534       0x34 c:/st/stm32cubeide_1.5.0/stm32cubeide/plugins/com.st.stm32cube.ide.mcu.externaltools.gnu-tools-for-stm32.7-2018-q2-update.win32_1.5.0.202011040924/tools/bin/../lib/gcc/arm-none-eabi/7.3.1/thumb/v7e-m/fpv4-sp/hard\libgcc.a(_udivmoddi4.o)
