stm32f4xx_it.c:22:6:NMI_Handler	4	static
stm32f4xx_it.c:30:6:HardFault_Handler	4	static
stm32f4xx_it.c:43:6:MemManage_Handler	4	static
stm32f4xx_it.c:55:6:BusFault_Handler	4	static
stm32f4xx_it.c:68:6:UsageFault_Handler	4	static
stm32f4xx_it.c:81:6:SVC_Handler	4	static
stm32f4xx_it.c:89:6:DebugMon_Handler	4	static
stm32f4xx_it.c:97:6:PendSV_Handler	4	static
stm32f4xx_it.c:105:6:SysTick_Handler	8	static
stm32f4xx_it.c:119:6:EXTI0_IRQHandler	16	static
stm32f4xx_it.c:149:6:CAN1_RX0_IRQHandler	8	static
